Creating test database for alias 'default'...
.....
----------------------------------------------------------------------
Ran 5 tests in 4.046s

OK
Destroying test database for alias 'default'...
Found 5 test(s).
System check identified no issues (0 silenced).
